node.exe : [31mx[39m 
Build failed in 204ms
At line:1 char:1
+ & "C:\Program 
Files\nodejs/node.exe" 
"C:\Program 
Files\nodejs/node_mo ...
+ ~~~~~~~~~~~~~~~~~~~~~~~
~~~~~~~~~~~~~~~~~~~~~~~~~
~~~~~~~~~~~~~~~~~~~~~
    + CategoryInfo       
       : NotSpecified:   
  ([31mx[39m Build f   
 ailed in 204ms:Strin    
g) [], RemoteExcepti    
on
    + FullyQualifiedErro 
   rId : NativeCommandE  
  rror
 
[31merror during build:
[31m[vite:esbuild] 
Transform failed with 1 
error:
C:/Users/Piyus/OneDrive/D
esktop/solanki12/src/page
s/FinanceDashboard.jsx:21
6:0: ERROR: Unexpected 
end of file before a 
closing "div" tag[31m
file: [36mC:/Users/Piyus
/OneDrive/Desktop/solanki
12/src/pages/FinanceDashb
oard.jsx:216:0[31m
[33m
[33mUnexpected end of 
file before a closing 
"div" tag[33m
214|    )
215|  }
216|  
   |  ^
[31m
    at 
failureErrorWithLog (C:\U
sers\Piyus\OneDrive\Deskt
op\solanki12\node_modules
\esbuild\lib\main.js:1472
:15)
    at C:\Users\Piyus\One
Drive\Desktop\solanki12\n
ode_modules\esbuild\lib\m
ain.js:755:50
    at responseCallbacks.
<computed> (C:\Users\Piyu
s\OneDrive\Desktop\solank
i12\node_modules\esbuild\
lib\main.js:622:9)
    at 
handleIncomingPacket (C:\
Users\Piyus\OneDrive\Desk
top\solanki12\node_module
s\esbuild\lib\main.js:677
:12)
    at 
Socket.readFromStdout (C:
\Users\Piyus\OneDrive\Des
ktop\solanki12\node_modul
es\esbuild\lib\main.js:60
0:7)
    at Socket.emit 
(node:events:508:28)
    at addChunk (node:int
ernal/streams/readable:55
9:12)
    at readableAddChunkPu
shByteMode (node:internal
/streams/readable:510:3)
    at Readable.push (nod
e:internal/streams/readab
le:390:5)
    at Pipe.onStreamRead 
(node:internal/stream_bas
e_commons:189:23)[39m
